// Jest Snapshot v1, https://goo.gl/fbAQLP

exports[`should display header 1`] = `
<div>
  <header>
    <h1
      class="home"
    >
      <a
        href="/"
      >
        PhotoApp
      </a>
    </h1>
    <div>
      <ul>
        <a
          href="/login"
        >
          <li>
            Login
          </li>
        </a>
        <a
          href="/register"
        >
          <li>
            Register
          </li>
        </a>
      </ul>
    </div>
  </header>
</div>
`;
